MPLINK 4.49, Linker
Linker Map File - Created Thu Feb 02 12:00:16 2023

                                 Section Info
                  Section       Type    Address   Location Size(Bytes)
                ---------  ---------  ---------  ---------  ---------
                   .org_0       code   0x000000    program   0x00006e



                              Program Memory Usage 
                               Start         End      
                           ---------   ---------      
                            0x000000    0x000036      
            55 out of 1094 program addresses used, program memory utilization is 5%



                              Symbols - Sorted by Name
                     Name    Address   Location    Storage File                     
                ---------  ---------  ---------  --------- ---------                
                      OFF   0x000035    program     static X:\TERM 7\LBYEC3L\1_LAB ACTIVITIES\Experiment 2\MPLAB\Exercise 1\Exercise1A.asm
                       ON   0x000033    program     static X:\TERM 7\LBYEC3L\1_LAB ACTIVITIES\Experiment 2\MPLAB\Exercise 1\Exercise1A.asm
                  SW2_OFF   0x000009    program     static X:\TERM 7\LBYEC3L\1_LAB ACTIVITIES\Experiment 2\MPLAB\Exercise 1\Exercise1A.asm
                   SW2_ON   0x00000c    program     static X:\TERM 7\LBYEC3L\1_LAB ACTIVITIES\Experiment 2\MPLAB\Exercise 1\Exercise1A.asm
              SW3_OFF_OFF   0x00000f    program     static X:\TERM 7\LBYEC3L\1_LAB ACTIVITIES\Experiment 2\MPLAB\Exercise 1\Exercise1A.asm
               SW3_OFF_ON   0x000012    program     static X:\TERM 7\LBYEC3L\1_LAB ACTIVITIES\Experiment 2\MPLAB\Exercise 1\Exercise1A.asm
               SW3_ON_OFF   0x000015    program     static X:\TERM 7\LBYEC3L\1_LAB ACTIVITIES\Experiment 2\MPLAB\Exercise 1\Exercise1A.asm
                SW3_ON_ON   0x000018    program     static X:\TERM 7\LBYEC3L\1_LAB ACTIVITIES\Experiment 2\MPLAB\Exercise 1\Exercise1A.asm
          SW4_OFF_OFF_OFF   0x00001b    program     static X:\TERM 7\LBYEC3L\1_LAB ACTIVITIES\Experiment 2\MPLAB\Exercise 1\Exercise1A.asm
           SW4_OFF_OFF_ON   0x00001e    program     static X:\TERM 7\LBYEC3L\1_LAB ACTIVITIES\Experiment 2\MPLAB\Exercise 1\Exercise1A.asm
           SW4_OFF_ON_OFF   0x000021    program     static X:\TERM 7\LBYEC3L\1_LAB ACTIVITIES\Experiment 2\MPLAB\Exercise 1\Exercise1A.asm
            SW4_OFF_ON_ON   0x000024    program     static X:\TERM 7\LBYEC3L\1_LAB ACTIVITIES\Experiment 2\MPLAB\Exercise 1\Exercise1A.asm
           SW4_ON_OFF_OFF   0x000027    program     static X:\TERM 7\LBYEC3L\1_LAB ACTIVITIES\Experiment 2\MPLAB\Exercise 1\Exercise1A.asm
            SW4_ON_OFF_ON   0x00002a    program     static X:\TERM 7\LBYEC3L\1_LAB ACTIVITIES\Experiment 2\MPLAB\Exercise 1\Exercise1A.asm
            SW4_ON_ON_OFF   0x00002d    program     static X:\TERM 7\LBYEC3L\1_LAB ACTIVITIES\Experiment 2\MPLAB\Exercise 1\Exercise1A.asm
             SW4_ON_ON_ON   0x000030    program     static X:\TERM 7\LBYEC3L\1_LAB ACTIVITIES\Experiment 2\MPLAB\Exercise 1\Exercise1A.asm
                    Start   0x000006    program     static X:\TERM 7\LBYEC3L\1_LAB ACTIVITIES\Experiment 2\MPLAB\Exercise 1\Exercise1A.asm



                              Symbols - Sorted by Address
                     Name    Address   Location    Storage File                     
                ---------  ---------  ---------  --------- ---------                
                    Start   0x000006    program     static X:\TERM 7\LBYEC3L\1_LAB ACTIVITIES\Experiment 2\MPLAB\Exercise 1\Exercise1A.asm
                  SW2_OFF   0x000009    program     static X:\TERM 7\LBYEC3L\1_LAB ACTIVITIES\Experiment 2\MPLAB\Exercise 1\Exercise1A.asm
                   SW2_ON   0x00000c    program     static X:\TERM 7\LBYEC3L\1_LAB ACTIVITIES\Experiment 2\MPLAB\Exercise 1\Exercise1A.asm
              SW3_OFF_OFF   0x00000f    program     static X:\TERM 7\LBYEC3L\1_LAB ACTIVITIES\Experiment 2\MPLAB\Exercise 1\Exercise1A.asm
               SW3_OFF_ON   0x000012    program     static X:\TERM 7\LBYEC3L\1_LAB ACTIVITIES\Experiment 2\MPLAB\Exercise 1\Exercise1A.asm
               SW3_ON_OFF   0x000015    program     static X:\TERM 7\LBYEC3L\1_LAB ACTIVITIES\Experiment 2\MPLAB\Exercise 1\Exercise1A.asm
                SW3_ON_ON   0x000018    program     static X:\TERM 7\LBYEC3L\1_LAB ACTIVITIES\Experiment 2\MPLAB\Exercise 1\Exercise1A.asm
          SW4_OFF_OFF_OFF   0x00001b    program     static X:\TERM 7\LBYEC3L\1_LAB ACTIVITIES\Experiment 2\MPLAB\Exercise 1\Exercise1A.asm
           SW4_OFF_OFF_ON   0x00001e    program     static X:\TERM 7\LBYEC3L\1_LAB ACTIVITIES\Experiment 2\MPLAB\Exercise 1\Exercise1A.asm
           SW4_OFF_ON_OFF   0x000021    program     static X:\TERM 7\LBYEC3L\1_LAB ACTIVITIES\Experiment 2\MPLAB\Exercise 1\Exercise1A.asm
            SW4_OFF_ON_ON   0x000024    program     static X:\TERM 7\LBYEC3L\1_LAB ACTIVITIES\Experiment 2\MPLAB\Exercise 1\Exercise1A.asm
           SW4_ON_OFF_OFF   0x000027    program     static X:\TERM 7\LBYEC3L\1_LAB ACTIVITIES\Experiment 2\MPLAB\Exercise 1\Exercise1A.asm
            SW4_ON_OFF_ON   0x00002a    program     static X:\TERM 7\LBYEC3L\1_LAB ACTIVITIES\Experiment 2\MPLAB\Exercise 1\Exercise1A.asm
            SW4_ON_ON_OFF   0x00002d    program     static X:\TERM 7\LBYEC3L\1_LAB ACTIVITIES\Experiment 2\MPLAB\Exercise 1\Exercise1A.asm
             SW4_ON_ON_ON   0x000030    program     static X:\TERM 7\LBYEC3L\1_LAB ACTIVITIES\Experiment 2\MPLAB\Exercise 1\Exercise1A.asm
                       ON   0x000033    program     static X:\TERM 7\LBYEC3L\1_LAB ACTIVITIES\Experiment 2\MPLAB\Exercise 1\Exercise1A.asm
                      OFF   0x000035    program     static X:\TERM 7\LBYEC3L\1_LAB ACTIVITIES\Experiment 2\MPLAB\Exercise 1\Exercise1A.asm


